Release 14.7 - xst P.20131013 (lin64)
Copyright (c) 1995-2013 Xilinx, Inc.  All rights reserved.
--> 
Parameter TMPDIR set to xst/projnav.tmp


Total REAL time to Xst completion: 0.00 secs
Total CPU time to Xst completion: 0.04 secs
 
--> 
Parameter xsthdpdir set to xst


Total REAL time to Xst completion: 0.00 secs
Total CPU time to Xst completion: 0.05 secs
 
--> 
Reading design: top_agro_test.prj

TABLE OF CONTENTS
  1) Synthesis Options Summary
  2) HDL Parsing
  3) HDL Elaboration
  4) HDL Synthesis
       4.1) HDL Synthesis Report
  5) Advanced HDL Synthesis
       5.1) Advanced HDL Synthesis Report
  6) Low Level Synthesis
  7) Partition Report
  8) Design Summary
       8.1) Primitive and Black Box Usage
       8.2) Device utilization summary
       8.3) Partition Resource Summary
       8.4) Timing Report
            8.4.1) Clock Information
            8.4.2) Asynchronous Control Signals Information
            8.4.3) Timing Summary
            8.4.4) Timing Details
            8.4.5) Cross Clock Domains Report


=========================================================================
*                      Synthesis Options Summary                        *
=========================================================================
---- Source Parameters
Input File Name                    : "top_agro_test.prj"
Ignore Synthesis Constraint File   : NO

---- Target Parameters
Output File Name                   : "top_agro_test"
Output Format                      : NGC
Target Device                      : xc6slx45-3-csg324

---- Source Options
Top Module Name                    : top_agro_test
Automatic FSM Extraction           : YES
FSM Encoding Algorithm             : Auto
Safe Implementation                : No
FSM Style                          : LUT
RAM Extraction                     : Yes
RAM Style                          : Auto
ROM Extraction                     : Yes
Shift Register Extraction          : YES
ROM Style                          : Auto
Resource Sharing                   : YES
Asynchronous To Synchronous        : NO
Shift Register Minimum Size        : 2
Use DSP Block                      : Auto
Automatic Register Balancing       : No

---- Target Options
LUT Combining                      : Auto
Reduce Control Sets                : Auto
Add IO Buffers                     : YES
Global Maximum Fanout              : 100000
Add Generic Clock Buffer(BUFG)     : 16
Register Duplication               : YES
Optimize Instantiated Primitives   : NO
Use Clock Enable                   : Auto
Use Synchronous Set                : Auto
Use Synchronous Reset              : Auto
Pack IO Registers into IOBs        : Auto
Equivalent register Removal        : YES

---- General Options
Optimization Goal                  : Speed
Optimization Effort                : 1
Power Reduction                    : NO
Keep Hierarchy                     : No
Netlist Hierarchy                  : As_Optimized
RTL Output                         : Yes
Global Optimization                : AllClockNets
Read Cores                         : YES
Write Timing Constraints           : NO
Cross Clock Analysis               : NO
Hierarchy Separator                : /
Bus Delimiter                      : <>
Case Specifier                     : Maintain
Slice Utilization Ratio            : 100
BRAM Utilization Ratio             : 100
DSP48 Utilization Ratio            : 100
Auto BRAM Packing                  : NO
Slice Utilization Ratio Delta      : 5

---- Other Options
Cores Search Directories           : {"ipcore_dir"  }

=========================================================================


=========================================================================
*                          HDL Parsing                                  *
=========================================================================
Parsing VHDL file "/home/gowtham/Desktop/acads/sem4/CS254/project/agro_dispenser/ipcore_dir/fifo.vhd" into library work
Parsing entity <fifo>.
Parsing architecture <fifo_a> of entity <fifo>.
Parsing VHDL file "/home/gowtham/Desktop/acads/sem4/CS254/project/agro_dispenser/types.vhd" into library work
Parsing package <types>.
Parsing package body <types>.
Parsing VHDL file "/home/gowtham/Desktop/acads/sem4/CS254/project/agro_dispenser/waterer_queue.vhd" into library work
Parsing entity <waterer_queue>.
Parsing architecture <Behavioral> of entity <waterer_queue>.
Parsing VHDL file "/home/gowtham/Desktop/acads/sem4/CS254/project/agro_dispenser/waterer.vhd" into library work
Parsing entity <waterer>.
Parsing architecture <Behavioral> of entity <waterer>.
Parsing VHDL file "/home/gowtham/Desktop/acads/sem4/CS254/project/agro_dispenser/tiller_queue.vhd" into library work
Parsing entity <tiller_queue>.
Parsing architecture <Behavioral> of entity <tiller_queue>.
Parsing VHDL file "/home/gowtham/Desktop/acads/sem4/CS254/project/agro_dispenser/tiller.vhd" into library work
Parsing entity <tiller>.
Parsing architecture <Behavioral> of entity <tiller>.
Parsing VHDL file "/home/gowtham/Desktop/acads/sem4/CS254/project/agro_dispenser/dispenser_queue.vhd" into library work
Parsing entity <dispenser_queue>.
Parsing architecture <Behavioral> of entity <dispenser_queue>.
Parsing VHDL file "/home/gowtham/Desktop/acads/sem4/CS254/project/agro_dispenser/dispenser.vhd" into library work
Parsing entity <dispenser>.
Parsing architecture <Behavioral> of entity <dispenser>.
Parsing VHDL file "/home/gowtham/Desktop/acads/sem4/CS254/project/agro_dispenser/cutter_queue.vhd" into library work
Parsing entity <cutter_queue>.
Parsing architecture <Behavioral> of entity <cutter_queue>.
Parsing VHDL file "/home/gowtham/Desktop/acads/sem4/CS254/project/agro_dispenser/cutter.vhd" into library work
Parsing entity <cutter>.
Parsing architecture <Behavioral> of entity <cutter>.
Parsing VHDL file "/home/gowtham/Desktop/acads/sem4/CS254/project/agro_dispenser/watering_system.vhd" into library work
Parsing entity <watering_system>.
Parsing architecture <Behavioral> of entity <watering_system>.
Parsing VHDL file "/home/gowtham/Desktop/acads/sem4/CS254/project/agro_dispenser/tilling_system.vhd" into library work
Parsing entity <tilling_system>.
Parsing architecture <Behavioral> of entity <tilling_system>.
Parsing VHDL file "/home/gowtham/Desktop/acads/sem4/CS254/project/agro_dispenser/land_monitor.vhd" into library work
Parsing entity <land_monitor>.
Parsing architecture <Behavioral> of entity <land_monitor>.
Parsing VHDL file "/home/gowtham/Desktop/acads/sem4/CS254/project/agro_dispenser/humidity_checker.vhd" into library work
Parsing entity <humidity_checker>.
Parsing architecture <Behavioral> of entity <humidity_checker>.
Parsing VHDL file "/home/gowtham/Desktop/acads/sem4/CS254/project/agro_dispenser/health_monitor.vhd" into library work
Parsing entity <health_monitor>.
Parsing architecture <Behavioral> of entity <health_monitor>.
Parsing VHDL file "/home/gowtham/Desktop/acads/sem4/CS254/project/agro_dispenser/dispensing_system.vhd" into library work
Parsing entity <dispensing_system>.
Parsing architecture <Behavioral> of entity <dispensing_system>.
Parsing VHDL file "/home/gowtham/Desktop/acads/sem4/CS254/project/agro_dispenser/cutting_system.vhd" into library work
Parsing entity <cutting_system>.
Parsing architecture <Behavioral> of entity <cutting_system>.
Parsing VHDL file "/home/gowtham/Desktop/acads/sem4/CS254/project/agro_dispenser/top_agro.vhd" into library work
Parsing entity <top_agro>.
Parsing architecture <Behavioral> of entity <top_agro>.
Parsing VHDL file "/home/gowtham/Desktop/acads/sem4/CS254/project/agro_dispenser/top_agro_test.vhd" into library work
Parsing entity <top_agro_test>.
Parsing architecture <behavior> of entity <top_agro_test>.

=========================================================================
*                            HDL Elaboration                            *
=========================================================================

Elaborating entity <top_agro_test> (architecture <behavior>) from library <work>.
WARNING:HDLCompiler:871 - "/home/gowtham/Desktop/acads/sem4/CS254/project/agro_dispenser/top_agro_test.vhd" Line 70: Using initial value ("00000000","00000000","00000000","00000000","00000000","00000000","00000000","00000000") for humidity since it is never assigned
WARNING:HDLCompiler:871 - "/home/gowtham/Desktop/acads/sem4/CS254/project/agro_dispenser/top_agro_test.vhd" Line 71: Using initial value ("00000000","00000000","00000000","00000000","00000000","00000000","00000000","00000000") for lower_humidity_thresholds since it is never assigned
WARNING:HDLCompiler:871 - "/home/gowtham/Desktop/acads/sem4/CS254/project/agro_dispenser/top_agro_test.vhd" Line 72: Using initial value ("00000000","00000000","00000000","00000000","00000000","00000000","00000000","00000000") for upper_humidity_thresholds since it is never assigned
WARNING:HDLCompiler:871 - "/home/gowtham/Desktop/acads/sem4/CS254/project/agro_dispenser/top_agro_test.vhd" Line 73: Using initial value "00011111" for len since it is never assigned
WARNING:HDLCompiler:871 - "/home/gowtham/Desktop/acads/sem4/CS254/project/agro_dispenser/top_agro_test.vhd" Line 74: Using initial value "00001111" for breadth since it is never assigned
WARNING:HDLCompiler:871 - "/home/gowtham/Desktop/acads/sem4/CS254/project/agro_dispenser/top_agro_test.vhd" Line 75: Using initial value ("0000000000","0000000000","0000000000","0000000000","0000000000","0000000000","0000000000","0000000000") for duration since it is never assigned
WARNING:HDLCompiler:871 - "/home/gowtham/Desktop/acads/sem4/CS254/project/agro_dispenser/top_agro_test.vhd" Line 76: Using initial value "00000000" for speed_dispenser since it is never assigned
WARNING:HDLCompiler:871 - "/home/gowtham/Desktop/acads/sem4/CS254/project/agro_dispenser/top_agro_test.vhd" Line 77: Using initial value "00000111" for speed_tiller since it is never assigned
WARNING:HDLCompiler:871 - "/home/gowtham/Desktop/acads/sem4/CS254/project/agro_dispenser/top_agro_test.vhd" Line 78: Using initial value "00000000" for speed_cutter since it is never assigned
WARNING:HDLCompiler:871 - "/home/gowtham/Desktop/acads/sem4/CS254/project/agro_dispenser/top_agro_test.vhd" Line 79: Using initial value ("00000000","00000000","00000000","00000000","00000000","00000000","00000000","00000000") for crop_count since it is never assigned
WARNING:HDLCompiler:871 - "/home/gowtham/Desktop/acads/sem4/CS254/project/agro_dispenser/top_agro_test.vhd" Line 80: Using initial value '0' for dead_probability since it is never assigned

Elaborating entity <top_agro> (architecture <Behavioral>) from library <work>.

Elaborating entity <humidity_checker> (architecture <Behavioral>) from library <work>.

Elaborating entity <land_monitor> (architecture <Behavioral>) with generics from library <work>.

Elaborating entity <health_monitor> (architecture <Behavioral>) from library <work>.

Elaborating entity <tilling_system> (architecture <Behavioral>) from library <work>.

Elaborating entity <tiller> (architecture <Behavioral>) from library <work>.

Elaborating entity <tiller_queue> (architecture <Behavioral>) from library <work>.

Elaborating entity <fifo> (architecture <fifo_a>) from library <work>.

Elaborating entity <dispensing_system> (architecture <Behavioral>) from library <work>.

Elaborating entity <dispenser> (architecture <Behavioral>) from library <work>.

Elaborating entity <dispenser_queue> (architecture <Behavioral>) with generics from library <work>.

Elaborating entity <watering_system> (architecture <Behavioral>) from library <work>.

Elaborating entity <waterer> (architecture <Behavioral>) from library <work>.

Elaborating entity <waterer_queue> (architecture <Behavioral>) with generics from library <work>.

Elaborating entity <cutting_system> (architecture <Behavioral>) from library <work>.

Elaborating entity <cutter> (architecture <Behavioral>) from library <work>.

Elaborating entity <cutter_queue> (architecture <Behavioral>) from library <work>.
ERROR:HDLCompiler:1401 - "/home/gowtham/Desktop/acads/sem4/CS254/project/agro_dispenser/top_agro.vhd" Line 188: Signal land_state[0][2] in unit top_agro is connected to following multiple drivers:
Driver 0: cutting_system1/land_state[0][2] driven by output signal land_state[0][2] of instance Flip-flop (cutting_system1).
Driver 1: watering_system1/land_state[0][2] driven by output signal land_state[0][2] of instance Flip-flop (watering_system1).
Driver 2: dispensing_system1/land_state[0][2] driven by output signal land_state[0][2] of instance Flip-flop (dispensing_system1).
Driver 3: tilling_system1/land_state[0][2] driven by output signal land_state[0][2] of instance Flip-flop (tilling_system1).
Driver 0: cutting_system1/land_state[0][1] driven by output signal land_state[0][1] of instance Flip-flop (cutting_system1).
Driver 1: watering_system1/land_state[0][1] driven by output signal land_state[0][1] of instance Flip-flop (watering_system1).
Driver 2: dispensing_system1/land_state[0][1] driven by output signal land_state[0][1] of instance Flip-flop (dispensing_system1).
Driver 3: tilling_system1/land_state[0][1] driven by output signal land_state[0][1] of instance Flip-flop (tilling_system1).
Driver 0: cutting_system1/land_state[0][0] driven by output signal land_state[0][0] of instance Flip-flop (cutting_system1).
Driver 1: watering_system1/land_state[0][0] driven by output signal land_state[0][0] of instance Flip-flop (watering_system1).
Driver 2: dispensing_system1/land_state[0][0] driven by output signal land_state[0][0] of instance Flip-flop (dispensing_system1).
Driver 3: tilling_system1/land_state[0][0] driven by output signal land_state[0][0] of instance Flip-flop (tilling_system1).
Driver 0: cutting_system1/land_state[1][2] driven by output signal land_state[1][2] of instance Flip-flop (cutting_system1).
Driver 1: watering_system1/land_state[1][2] driven by output signal land_state[1][2] of instance Flip-flop (watering_system1).
Driver 2: dispensing_system1/land_state[1][2] driven by output signal land_state[1][2] of instance Flip-flop (dispensing_system1).
Driver 3: tilling_system1/land_state[1][2] driven by output signal land_state[1][2] of instance Flip-flop (tilling_system1).
Driver 0: cutting_system1/land_state[1][1] driven by output signal land_state[1][1] of instance Flip-flop (cutting_system1).
Driver 1: watering_system1/land_state[1][1] driven by output signal land_state[1][1] of instance Flip-flop (watering_system1).
Driver 2: dispensing_system1/land_state[1][1] driven by output signal land_state[1][1] of instance Flip-flop (dispensing_system1).
Driver 3: tilling_system1/land_state[1][1] driven by output signal land_state[1][1] of instance Flip-flop (tilling_system1).
Driver 0: cutting_system1/land_state[1][0] driven by output signal land_state[1][0] of instance Flip-flop (cutting_system1).
Driver 1: watering_system1/land_state[1][0] driven by output signal land_state[1][0] of instance Flip-flop (watering_system1).
Driver 2: dispensing_system1/land_state[1][0] driven by output signal land_state[1][0] of instance Flip-flop (dispensing_system1).
Driver 3: tilling_system1/land_state[1][0] driven by output signal land_state[1][0] of instance Flip-flop (tilling_system1).
Driver 0: cutting_system1/land_state[2][2] driven by output signal land_state[2][2] of instance Flip-flop (cutting_system1).
Driver 1: watering_system1/land_state[2][2] driven by output signal land_state[2][2] of instance Flip-flop (watering_system1).
Driver 2: dispensing_system1/land_state[2][2] driven by output signal land_state[2][2] of instance Flip-flop (dispensing_system1).
Driver 3: tilling_system1/land_state[2][2] driven by output signal land_state[2][2] of instance Flip-flop (tilling_system1).
Driver 0: cutting_system1/land_state[2][1] driven by output signal land_state[2][1] of instance Flip-flop (cutting_system1).
Driver 1: watering_system1/land_state[2][1] driven by output signal land_state[2][1] of instance Flip-flop (watering_system1).
Driver 2: dispensing_system1/land_state[2][1] driven by output signal land_state[2][1] of instance Flip-flop (dispensing_system1).
Driver 3: tilling_system1/land_state[2][1] driven by output signal land_state[2][1] of instance Flip-flop (tilling_system1).
Driver 0: cutting_system1/land_state[2][0] driven by output signal land_state[2][0] of instance Flip-flop (cutting_system1).
Driver 1: watering_system1/land_state[2][0] driven by output signal land_state[2][0] of instance Flip-flop (watering_system1).
Driver 2: dispensing_system1/land_state[2][0] driven by output signal land_state[2][0] of instance Flip-flop (dispensing_system1).
Driver 3: tilling_system1/land_state[2][0] driven by output signal land_state[2][0] of instance Flip-flop (tilling_system1).
Driver 0: cutting_system1/land_state[3][2] driven by output signal land_state[3][2] of instance Flip-flop (cutting_system1).
Driver 1: watering_system1/land_state[3][2] driven by output signal land_state[3][2] of instance Flip-flop (watering_system1).
Driver 2: dispensing_system1/land_state[3][2] driven by output signal land_state[3][2] of instance Flip-flop (dispensing_system1).
Driver 3: tilling_system1/land_state[3][2] driven by output signal land_state[3][2] of instance Flip-flop (tilling_system1).
Driver 0: cutting_system1/land_state[3][1] driven by output signal land_state[3][1] of instance Flip-flop (cutting_system1).
Driver 1: watering_system1/land_state[3][1] driven by output signal land_state[3][1] of instance Flip-flop (watering_system1).
Driver 2: dispensing_system1/land_state[3][1] driven by output signal land_state[3][1] of instance Flip-flop (dispensing_system1).
Driver 3: tilling_system1/land_state[3][1] driven by output signal land_state[3][1] of instance Flip-flop (tilling_system1).
Driver 0: cutting_system1/land_state[3][0] driven by output signal land_state[3][0] of instance Flip-flop (cutting_system1).
Driver 1: watering_system1/land_state[3][0] driven by output signal land_state[3][0] of instance Flip-flop (watering_system1).
Driver 2: dispensing_system1/land_state[3][0] driven by output signal land_state[3][0] of instance Flip-flop (dispensing_system1).
Driver 3: tilling_system1/land_state[3][0] driven by output signal land_state[3][0] of instance Flip-flop (tilling_system1).
Driver 0: cutting_system1/land_state[4][2] driven by output signal land_state[4][2] of instance Flip-flop (cutting_system1).
Driver 1: watering_system1/land_state[4][2] driven by output signal land_state[4][2] of instance Flip-flop (watering_system1).
Driver 2: dispensing_system1/land_state[4][2] driven by output signal land_state[4][2] of instance Flip-flop (dispensing_system1).
Driver 3: tilling_system1/land_state[4][2] driven by output signal land_state[4][2] of instance Flip-flop (tilling_system1).
Driver 0: cutting_system1/land_state[4][1] driven by output signal land_state[4][1] of instance Flip-flop (cutting_system1).
Driver 1: watering_system1/land_state[4][1] driven by output signal land_state[4][1] of instance Flip-flop (watering_system1).
Driver 2: dispensing_system1/land_state[4][1] driven by output signal land_state[4][1] of instance Flip-flop (dispensing_system1).
Driver 3: tilling_system1/land_state[4][1] driven by output signal land_state[4][1] of instance Flip-flop (tilling_system1).
Driver 0: cutting_system1/land_state[4][0] driven by output signal land_state[4][0] of instance Flip-flop (cutting_system1).
Driver 1: watering_system1/land_state[4][0] driven by output signal land_state[4][0] of instance Flip-flop (watering_system1).
Driver 2: dispensing_system1/land_state[4][0] driven by output signal land_state[4][0] of instance Flip-flop (dispensing_system1).
Driver 3: tilling_system1/land_state[4][0] driven by output signal land_state[4][0] of instance Flip-flop (tilling_system1).
Driver 0: cutting_system1/land_state[5][2] driven by output signal land_state[5][2] of instance Flip-flop (cutting_system1).
Driver 1: watering_system1/land_state[5][2] driven by output signal land_state[5][2] of instance Flip-flop (watering_system1).
Driver 2: dispensing_system1/land_state[5][2] driven by output signal land_state[5][2] of instance Flip-flop (dispensing_system1).
Driver 3: tilling_system1/land_state[5][2] driven by output signal land_state[5][2] of instance Flip-flop (tilling_system1).
Driver 0: cutting_system1/land_state[5][1] driven by output signal land_state[5][1] of instance Flip-flop (cutting_system1).
Driver 1: watering_system1/land_state[5][1] driven by output signal land_state[5][1] of instance Flip-flop (watering_system1).
Driver 2: dispensing_system1/land_state[5][1] driven by output signal land_state[5][1] of instance Flip-flop (dispensing_system1).
Driver 3: tilling_system1/land_state[5][1] driven by output signal land_state[5][1] of instance Flip-flop (tilling_system1).
Driver 0: cutting_system1/land_state[5][0] driven by output signal land_state[5][0] of instance Flip-flop (cutting_system1).
Driver 1: watering_system1/land_state[5][0] driven by output signal land_state[5][0] of instance Flip-flop (watering_system1).
Driver 2: dispensing_system1/land_state[5][0] driven by output signal land_state[5][0] of instance Flip-flop (dispensing_system1).
Driver 3: tilling_system1/land_state[5][0] driven by output signal land_state[5][0] of instance Flip-flop (tilling_system1).
Driver 0: cutting_system1/land_state[6][2] driven by output signal land_state[6][2] of instance Flip-flop (cutting_system1).
Driver 1: watering_system1/land_state[6][2] driven by output signal land_state[6][2] of instance Flip-flop (watering_system1).
Driver 2: dispensing_system1/land_state[6][2] driven by output signal land_state[6][2] of instance Flip-flop (dispensing_system1).
Driver 3: tilling_system1/land_state[6][2] driven by output signal land_state[6][2] of instance Flip-flop (tilling_system1).
Driver 0: cutting_system1/land_state[6][1] driven by output signal land_state[6][1] of instance Flip-flop (cutting_system1).
Driver 1: watering_system1/land_state[6][1] driven by output signal land_state[6][1] of instance Flip-flop (watering_system1).
Driver 2: dispensing_system1/land_state[6][1] driven by output signal land_state[6][1] of instance Flip-flop (dispensing_system1).
Driver 3: tilling_system1/land_state[6][1] driven by output signal land_state[6][1] of instance Flip-flop (tilling_system1).
Driver 0: cutting_system1/land_state[6][0] driven by output signal land_state[6][0] of instance Flip-flop (cutting_system1).
Driver 1: watering_system1/land_state[6][0] driven by output signal land_state[6][0] of instance Flip-flop (watering_system1).
Driver 2: dispensing_system1/land_state[6][0] driven by output signal land_state[6][0] of instance Flip-flop (dispensing_system1).
Driver 3: tilling_system1/land_state[6][0] driven by output signal land_state[6][0] of instance Flip-flop (tilling_system1).
Driver 0: cutting_system1/land_state[7][2] driven by output signal land_state[7][2] of instance Flip-flop (cutting_system1).
Driver 1: watering_system1/land_state[7][2] driven by output signal land_state[7][2] of instance Flip-flop (watering_system1).
Driver 2: dispensing_system1/land_state[7][2] driven by output signal land_state[7][2] of instance Flip-flop (dispensing_system1).
Driver 3: tilling_system1/land_state[7][2] driven by output signal land_state[7][2] of instance Flip-flop (tilling_system1).
Driver 0: cutting_system1/land_state[7][1] driven by output signal land_state[7][1] of instance Flip-flop (cutting_system1).
Driver 1: watering_system1/land_state[7][1] driven by output signal land_state[7][1] of instance Flip-flop (watering_system1).
Driver 2: dispensing_system1/land_state[7][1] driven by output signal land_state[7][1] of instance Flip-flop (dispensing_system1).
Driver 3: tilling_system1/land_state[7][1] driven by output signal land_state[7][1] of instance Flip-flop (tilling_system1).
Driver 0: cutting_system1/land_state[7][0] driven by output signal land_state[7][0] of instance Flip-flop (cutting_system1).
Driver 1: watering_system1/land_state[7][0] driven by output signal land_state[7][0] of instance Flip-flop (watering_system1).
Driver 2: dispensing_system1/land_state[7][0] driven by output signal land_state[7][0] of instance Flip-flop (dispensing_system1).
Driver 3: tilling_system1/land_state[7][0] driven by output signal land_state[7][0] of instance Flip-flop (tilling_system1).
Netlist top_agro_test(behavior) remains a blackbox, due to errors in its contents
--> 


Total memory usage is 329332 kilobytes

Number of errors   :    1 (   0 filtered)
Number of warnings :   11 (   0 filtered)
Number of infos    :    0 (   0 filtered)

